Changes between versions are listed between version names.

See CHANGELOG for the gory details.

======================================================================
09/01/2002 - EPRINTS-2-ALPHA-2
======================================================================

too many changes to mention.

======================================================================
14/02/2002 - EPRINTS-2.0
======================================================================

- Fixed lots of typos and minor bugs.
- Changed the default subjects config file to Library of Congress
- Staff EPrint search can now search all buffers: archive, inbox, 
   buffer and deletion.
- edit_eprint can now edit eprints in any buffer, and move eprints 
   between buffer, and clone any eprint into the submission buffer.
- view_submission & edit_submission now deprecated. All their 
   functions have been taken over by edit_eprint.
- added a oai2 script which is experimental and more-or-less speaks
   OAI-PMH v2.0a3

======================================================================
16/04/2002 - EPRINTS-2.0.1
======================================================================
